// Jest Snapshot v1, https://goo.gl/fbAQLP

exports[`hero renders correctly 1`] = `
<div
  className="sc-bdVaJa dyBPPB"
>
  <h3>
    MAKOTO DEJIMA
  </h3>
  <h2>
    Front-End Developer / Designer
  </h2>
</div>
`;
